<results>
  <image>
    <path>/workspaces/ruby-cli-project/gps_images/image_b.jpg</path>
    <location>Not a readable file</location>
  </image>
  <image>
    <path>/workspaces/ruby-cli-project/gps_images/image_a.jpg</path>
    <location>50.0° 5.48' 0.0" N</location>
  </image>
  <image>
    <path>/workspaces/ruby-cli-project/gps_images/image_d.jpg</path>
    <location>No GPS data found</location>
  </image>
  <image>
    <path>/workspaces/ruby-cli-project/gps_images/cats/image_e.jpg</path>
    <location>59.0° 55.0' 29.11828793774319" N</location>
  </image>
  <image>
    <path>/workspaces/ruby-cli-project/gps_images/image_c.jpg</path>
    <location>38.0° 24.0' 0.0" N</location>
  </image>
  <image>
    <path>/workspaces/ruby-cli-project/image_a.jpg</path>
    <location>50.0° 5.48' 0.0" N</location>
  </image>
</results>
